@aplusk O
http://www.youtube.com/watch?v=eLMui7zBiXo O
we B-NP
beat B-VP
kilkenny I-VP
after B-PP
they B-NP
beat B-VP
us B-NP
for B-PP
the B-NP
last B-NP
4 B-PP
years I-NP
in B-PP
the B-NP
hurling I-VP
. O
Woo B-INTJ
!!! O

I B-NP
'm B-VP
donning B-VP
my B-NP
Santa B-NP
hat B-VP
!: O
It B-NP
's B-VP
November B-NP
and O
almost B-NP
Thanksgiving B-VP
... O
so B-ADJP
you B-NP
know B-VP
what B-NP
that B-NP
means B-VP
, O
right B-ADVP
? O
Mum B-NP
and O
I B-NP
... O
http://bit.ly/9uTYHJ O

@sweet_clockwork O
lmao B-INTJ
! O
okay B-INTJ
then O
:o B-INTJ
) O
im B-NP
baking B-ADJP
it B-NP
tonight B-NP
, O
so B-ADJP
'll B-VP
hit B-VP
you B-NP
up B-PRT
tomorrow B-NP
and O
see I-VP
about B-PP
getting B-VP
you B-NP
some B-NP
yummies B-ADJP
!! O
&lt; O
3 I-INTJ

( O
Community B-VP
) O
New I-NP
book I-NP
blogger B-INTJ
@GennaSarnak O
launches B-VP
weekly I-NP
feature B-VP
, O
Poetry B-VP
Sunday B-NP
: O
http://tinyurl.com/47vbdy5 O
#Books O
#Poetry I-NP

Haha B-INTJ
I B-NP
seen I-VP
a B-NP
ped B-NP
egg B-NP
called B-VP
a B-NP
foot B-NP
cheese B-ADJP
grater B-NP
today B-NP
. O
I B-NP
found B-VP
it B-NP
proper B-NP
hilarious I-NP
xD B-INTJ

@Zerinaakers O
talking I-VP
about B-PP
as B-SBAR
far I-ADVP
as B-SBAR
shooting I-NP
for B-PP
location I-NP
its B-NP
going I-VP
to B-PP
be I-VP
on B-PP
#Vh1 O
so B-ADJP
by B-PP
the B-NP
end I-NP
of B-PP
the B-NP
month I-NP
i B-NP
should B-VP
know B-VP
something B-NP

I B-NP
've B-VP
just B-ADVP
watched B-VP
first I-NP
four B-NP
episodes B-NP
of B-PP
K-On I-NP
for B-PP
the B-NP
first I-NP
time I-NP
! O
: O
3 I-INTJ

its B-NP
barely I-VP
a B-NP
new I-NP
year I-NP
and O
i B-NP
feel B-VP
like B-PP
ive B-NP
already B-ADVP
stuffed I-NP
things B-NP
up B-PRT
! O
:( B-INTJ

@michaelringer24 O
yeah I-INTJ
when B-ADVP
i B-NP
got B-VP
caught B-VP
up B-PRT
a B-NP
year I-NP
ago B-ADVP
... O
you B-NP
can B-VP
prolly B-NP
stay B-VP
with B-PP
us B-NP
.. O
im B-NP
stayin B-VP
with B-PP
lexis B-NP
on B-PP
the B-NP
pull B-VP
out B-PRT
, O
you B-NP
cn B-VP
prolly B-NP

@elbirth O
haha B-INTJ
, O
I B-NP
want B-VP
to B-PP
load B-INTJ
up B-PRT
on B-PP
that B-NP
before B-PP
work B-NP
one B-NP
day I-NP

Foto B-NP
Feb B-NP
6 B-NP
: O
St I-NP
Luke B-NP
's B-VP
http://wp.me/pqLtw-lN O

going I-VP
now B-ADVP
guiseeeee I-NP
... O
if B-SBAR
i B-NP
dont B-VP
see I-VP
you B-NP
through B-PP
the B-NP
week I-NP
ill B-ADVP
see I-VP
you B-NP
through B-PP
the B-NP
window I-NP
:) B-INTJ
:) B-INTJ

Dierks B-ADJP
Bentley I-NP
Admits I-NP
He B-NP
Snuck I-NP
Into B-PP
Grand B-NP
Ole B-NP
Opry I-NP
Before B-PP
He B-NP
Made B-VP
It B-NP
Big I-NP
: O
Just B-ADVP
days I-NP
after B-PP
join I-VP
... O
http://bit.ly/9LJLHE O

RT O
@PLLGirls O
: O
Episodes B-NP
1-10 B-NP
of B-PP
Pretty B-VP
Little I-NP
Liars B-VP
will B-VP
air I-NP
in B-PP
the B-NP
UK B-PRT
on B-PP
October B-NP
18 B-NP
! O

@SnoopDogg O
hey B-INTJ
snoop B-NP
my B-NP
wife I-NP
Cath I-NP
is B-VP
30 I-NP
today B-NP
, O
any O
chance I-NP
of B-PP
a B-NP
shout B-VP
out B-PRT
to B-PP
her B-NP
, O

St I-NP
Louis I-NP
: O
APR I-NP
Chocolate I-NP
Toy B-ADJP
Poodle I-NP
Pups I-NP
- O
$300 B-NP
( O
Liberty B-VP
) O
http://bit.ly/bHftHD O
#eBC O
#Pets O

... O
asked B-VP
me B-NP
a B-NP
question I-NP
for B-PP
once B-NP
, O
but O
no B-NP
! O
You B-NP
ask B-VP
me B-NP
about B-PP
fucking I-NP
donuts I-NP
you B-NP
donut I-NP
... O
have B-VP
a B-NP
nice B-ADJP
day I-NP
:P B-INTJ

@DIYSara O
maybe B-ADVP
your B-NP
leftovers B-VP
:) B-INTJ
we B-NP
were B-VP
covered I-NP
in B-PP
ice B-INTJ
all B-NP
day I-NP
Friday I-NP
, O
no B-NP
power B-NP
most I-NP
of B-PP
the B-NP
day I-NP
and O
all B-NP
gone B-VP
by B-PP
Sat B-NP
. O
evening I-NP

@_mistercory O
*Smiles B-VP
up B-PRT
at B-PP
him* I-NP
Can B-VP
we B-NP
just B-ADVP
... O
sit I-NP
together B-ADVP
for B-PP
a B-NP
while I-NP
before B-PP
round B-PP
two I-NP
? O

@RheaFayeB O
yaaaayyy B-NP
!!!!! O
Same B-NP
to B-PP
you B-NP
rhea B-NP
!!!!! O
This B-NP
year I-NP
reeks B-VP
epic-ism B-ADJP
all B-NP
over B-PP
!!! O
Be I-VP
sure B-ADJP
to B-PP
ride I-NP
that B-NP
epic B-NP
wave B-VP
;) B-INTJ

RT O
@bieberarmy O
: O
@LilTwist O
Yeah I-INTJ
if B-SBAR
I B-NP
were B-VP
you B-NP
I'd B-NP
sleep I-VP
with B-PP
one B-NP
eye I-NP
open I-NP
... O
considering B-NP
@justinbieber O
slapped I-VP
@itsryanbutler O
when B-ADVP
he B-NP
was B-VP
... O

Personal B-VP
Twitter B-NP
is B-VP
now B-ADVP
ago B-ADVP
. O
People B-NP
can B-VP
now B-ADVP
keep I-INTJ
track I-NP
of B-PP
me B-NP
instead B-CONJP
of B-PP
just B-ADVP
my B-NP
films I-VP
and O
production I-NP
company I-NP
. O

This B-NP
is B-VP
the B-NP
2nd B-NP
hospital I-NP
ive B-NP
been I-VP
in B-PP
today B-NP
, O
but O
ive B-NP
just B-ADVP
seen I-VP
a B-NP
doctor I-NP
who B-NP
was B-VP
an B-NP
older I-NP
version I-NP
of B-PP
justin B-NP
:' B-INTJ
) O

@FirstLadyEve O
have B-VP
a B-NP
dating I-VP
show I-NP
with B-PP
@ogochocinco O
evry B-NP
week I-NP
'll B-VP
compete B-VP
with B-PP
sum I-NP
hawt B-VP
dude B-NP
2 I-NP
keep I-INTJ
ur B-NP
intrest I-NP
like B-PP
@willdemps O
my$ I-NP
on B-PP
will B-VP

It B-NP
might B-VP
just B-ADVP
be I-VP
me B-NP
but O
when B-ADVP
males B-VP
text I-NP
" O
K B-PP
" O
or O
cross B-VP
there B-NP
legs B-VP
while I-NP
sitting B-VP
ai B-VP
n't I-VP
cool B-ADJP
wit B-PP
me B-NP
. O

@GuardWifeL O
@TiffanyGreen48 O
I B-NP
've B-VP
already B-ADVP
#ff'ed O
her B-NP
she B-NP
's B-VP
not O
worthy I-ADJP
of B-PP
two I-NP
in B-PP
one B-NP
day I-NP
! O
Lol B-INTJ

it B-NP
was B-VP
half B-NP
past I-NP
8 O
when B-ADVP
the B-NP
drugs B-NP
began I-ADVP
to B-PP
take B-VP
hold B-VP
.... O

when B-ADVP
does B-VP
skins B-VP
start B-VP
? O

Antick B-NP
Musings I-NP
post I-NP
: O
Reviewing I-NP
the B-NP
Mail I-NP
: O
Week I-NP
of B-PP
10/2 B-NP
http://bit.ly/9PIm5E O

The B-NP
Town I-NP
might B-VP
be I-VP
one B-NP
of B-PP
the B-NP
best I-NP
movies I-NP
I B-NP
have B-VP
seen I-VP
all B-NP
year I-NP
. O
So B-ADJP
, O
so B-ADJP
good I-NP
. O
And O
do B-VP
n't I-VP
worry I-NP
Ben B-NP
, O
we B-NP
already B-ADVP
forgave B-VP
you B-NP
for B-PP
Gigli B-NP
. O
Really B-ADVP
. O

@MakethisRalate O
good I-NP
luck I-ADVP
at B-PP
Elliot B-VP
Miner O
:D B-INTJ
yous B-NP
were B-VP
greaaaat I-NP
tonight B-NP
&lt; O
3 I-INTJ
xx B-INTJ

Is B-VP
Joaquin B-INTJ
Phoenix B-NP
Our B-NP
Modern B-NP
Day I-NP
Andy I-NP
Kaufman B-NP
?: O
... O
the B-NP
bizarre I-NP
events I-NP
leading B-VP
up B-PRT
to B-PP
this B-NP
moment I-NP
, O
the B-NP
movie I-NP
could B-VP
... O
http://bit.ly/aUZ2on O

Time I-NP
Warner B-ADJP
Cable B-NP
Boycotting I-NP
Epix B-NP
Movie I-NP
Channel I-NP
Because B-SBAR
It B-NP
Did B-VP
A B-NP
Deal I-VP
With B-PP
Netflix B-NP
http://dlvr.it/5RgcL O

And O
now B-ADVP
the B-NP
wait I-VP
til B-PP
the B-NP
games I-NP
get B-VP
started B-VP
for B-PP
the B-NP
day I-NP
. O

2 I-NP
Steps I-NP
Back B-ADVP
will B-VP
be I-VP
playing B-VP
at B-PP
Ugly B-VP
Mug B-NP
Live I-VP
on B-PP
08 I-NP
Jan B-NP
: O
http://schmap.it/ntidVT O
( O
via B-PP
@THE_BertBerry O
) O

Do B-VP
n't I-VP
miss B-VP
our B-NP
Half B-NP
Way I-NP
to B-PP
St I-NP
. O
Patty I-NP
's B-VP
Day I-NP
Party I-NP
Tonight B-NP
! O
We B-NP
're B-VP
having I-VP
crazy B-ADJP
drink B-NP
Specials B-NP
too B-ADJP
.. O
tex I-NP
980-333-3923 B-NP
to B-PP
get B-VP
on B-PP
the B-NP
guest B-NP
list I-NP
! O

RT O
@dropolo O
Headed B-VP
to B-PP
da B-NP
gump B-NP
today B-NP
alabama B-NP
here B-ADVP
I B-NP
come B-VP
&lt; O
&lt; O
come B-VP
to B-PP
shut I-NP
it B-NP
down B-PRT
broski B-PP
.. O
fuck B-VP
wit B-PP
me..Parlae B-NP
's B-VP
in B-PP
house I-NP
producer B-NP

RT O
@DIVINEDYNASTY O
: O
RT O
@PLAIN_JAMES O
: O
http://twitpic.com/3t0eng O
- O
#THEREDROOM O
FRI B-NP
03.18 B-NP
. O
11 I-NP
CALI'S B-VP
BDAY B-NP
BASH I-NP
FOR B-PP
PISCES/ARIES B-ADVP
DAY I-NP
1 B-NP
( O
cont O
) O
... O

@Littlesapling O
You B-NP
said B-VP
that B-NP
last B-NP
week I-NP
Ash B-VP
. O
I B-NP
think B-VP
you B-NP
need B-VP
a B-NP
12 I-NP
step I-NP
program I-VP
. O

Korean B-NP
War B-NP
spy B-ADJP
rivalries I-NP
persist B-VP
60 B-NP
years I-NP
later B-NP
: O
Far I-ADVP
be I-VP
it B-NP
that B-NP
the B-NP
week I-NP
should B-VP
pass I-NP
without B-PP
noting I-NP
that B-NP
it B-NP
was B-VP
60 B-NP
... O
http://bit.ly/cCjFBm O

@paulskemp O
Sorry B-ADJP
to B-PP
hear B-VP
! O
:( B-INTJ
I B-NP
had B-VP
a B-NP
dog B-NP
for B-PP
14 I-NP
years I-NP
and O
it B-NP
was B-VP
really B-ADVP
tough B-NP
to B-PP
lose I-VP
him B-NP
. O
Tough B-NP
to B-PP
lose I-VP
my B-NP
second I-NP
one B-NP
too B-ADJP
. O

@SoccerByIves O
Let B-VP
's B-VP
hope B-VP
the B-NP
Serie I-NP
A B-NP
continues I-ADJP
to B-PP
be I-VP
on B-PP
the B-NP
tv I-NP
schedule I-NP
next B-NP
week I-NP
. O
This B-NP
strike B-ADJP
has B-VP
fans I-NP
of B-PP
Calcio B-NP
worried I-NP
.... O

October B-NP
is B-VP
Breast I-NP
Cancer I-NP
Awareness I-NP
month I-NP
- O
a B-NP
portion B-VP
of B-PP
the B-NP
proceeds I-NP
from B-PP
purchase B-NP
of B-PP
this B-NP
beautiful I-NP
diamond I-NP
... O
http://fb.me/B680RuaH O

RT O
@JordanCenter O
: O
LIL I-NP
WAYNE B-NP
/ I-NP
NICKI B-NP
MINAJ I-NP
- O
March I-NP
30 I-NP
- O
SOLD B-VP
OUT.....'nuff B-NP
said B-VP
. O

RT O
@Yale O
: O
RT O
@YaleSOM O
: O
Will B-VP
government B-VP
or O
markets B-NP
finance I-NP
sustainability B-ADJP
? O
A B-NP
free B-ADJP
webinar I-INTJ
on B-PP
Oct B-NP
. O
6 B-NP
. O
http://bit.ly/YaleSOMwebinar O

I B-NP
have B-VP
eaten B-VP
a B-NP
large I-NP
quantity B-VP
of B-PP
oranges B-NP
this B-NP
week I-NP
... O

Today B-NP
's B-VP
cheer B-VP
went B-VP
from B-PP
awful B-INTJ
to B-PP
awesome B-ADJP
from B-PP
the B-NP
moment I-NP
I B-NP
realized B-VP
I B-NP
did B-VP
not O
have B-VP
class B-NP
today B-NP
. O

@snufflesgirl25 O
@mo9x O
Well B-INTJ
. O
just B-ADVP
beg I-VP
@100monkeysmusic O
.. O
PLEASE B-VP
come B-VP
to B-PP
the B-NP
#SBLeurope O
Next B-NP
year I-NP
!. O
We B-NP
need B-VP
you B-NP
there B-NP
! O
*puss B-VP
in B-PP
boots I-NP
eyes* I-NP

Pretty B-VP
disappointed I-NP
in B-PP
the B-NP
brothers B-VP
tonight B-NP
... O
1 B-NP
. O
We B-NP
lost B-VP
jeopardy B-NP
and O
2 I-NP
. O
they B-NP
're B-VP
pissing I-VP
me B-NP
off B-PRT
more B-NP
and O
more B-NP
each B-NP
day I-NP
. O

:) B-INTJ
RT O
@ashtondoyle O
: O
I B-NP
am B-VP
a B-NP
total I-NP
dork I-NP
. O
But O
having I-VP
Flipboard B-VP
up B-PRT
on B-PP
my B-NP
desk I-NP
all B-NP
day I-NP
makes B-VP
me B-NP
happy B-NP
. O
http://plixi.com/p/57934009 O

I B-NP
feel B-VP
like B-PP
a B-NP
trillion B-VP
bucks B-NP
! O
I B-NP
feel B-VP
like B-PP
breaking I-NP
a B-NP
record I-NP
tomorrow B-NP
... O
and O
i B-NP
will B-VP

THE B-NP
BONG O
WENT B-VP
5-O B-NP
LAST B-NP
NIGHT I-NP
papers I-NP
not O
included B-VP

when B-ADVP
i B-NP
compliment B-VP
her B-NP
she B-NP
wo B-VP
n't I-VP
believe B-VP
mee B-NP
&lt; O
3 I-INTJ

Gates B-VP
: O
The B-NP
Sun B-NP
Will B-VP
Rise I-NP
... O
This B-NP
reminds B-VP
me B-NP
a B-NP
lot I-NP
of B-PP
Envy B-NP
and O
CSTVT I-NP
but O
w/o B-VP
the B-NP
hardcore B-VP
elements B-VP
. O
Super I-NP
good I-NP
and O
free B-ADJP
: O
http://bit.ly/e8PhEI O

@lesanto O
have B-VP
a B-NP
look I-VP
at B-PP
http://facebook.com/media14 O
, O
there B-NP
are B-VP
postings B-VP
from B-PP
TechCrunch B-NP
and O
Flowtown B-NP
that B-NP
may B-VP
help I-VP
#mobile I-NP

@Loserface_Laura O
when B-ADVP
mike B-NP
lets B-NP
me B-NP
know B-VP
, O
I B-NP
will B-VP
let B-VP
you B-NP
know B-VP
. O
I B-NP
mean I-VP
everyone B-NP
might B-VP
just B-ADVP
switch I-VP
out B-PRT
a B-NP
lot I-NP
. O

AUTUMN B-NP
COMES B-VP
SATURDAY B-NP
&lt; O
3 I-INTJ
!!! O

RT O
@kiera16_x O
: O
#Twitition I-NP
HELP I-VP
us B-NP
meet B-VP
Justin B-NP
Bieber I-NP
on B-PP
November B-NP
6 B-NP
( O
: O
THANKYOU B-VP
http://twitition.com/oxm5g O
@MariaMdn O

.... O
today B-NP
is B-VP
better B-ADJP
than B-PP
yesterday B-NP
, O
but O
I B-NP
hope B-VP
tomorrow B-NP
is B-VP
better B-ADJP
than B-PP
today B-NP
, O
because B-SBAR
today B-NP
still B-ADVP
somewhat B-NP
- O
SUCKS I-VP
. O

Not O
feeling B-VP
up B-PRT
to B-PP
par I-VP
today B-NP
. O
#stressing I-NP

@DottyDizzot O
oh B-INTJ
nice B-ADJP
, O
im B-NP
sdill B-VP
at B-PP
work B-NP
=( B-INTJ
but O
im B-NP
glad B-ADJP
it B-NP
's B-VP
Friday I-NP
today B-NP
=) B-INTJ

@BieberEgypt O
I B-NP
've B-VP
got B-VP
some B-NP
bad I-NP
news I-NP
, O
Yeah I-INTJ
I B-NP
cant B-VP
come B-VP
to B-PP
the B-NP
meeting B-VP
tomorrow B-NP
. O
: O
S B-PP

@The_Messiah113 O
177 B-NP
people B-NP
! O
: O
0 B-PP
lol B-INTJ
a B-NP
week I-NP
or O
what B-NP
? O

@IzzieZac O
Told B-VP
you B-NP
!! O
:o B-INTJ
)) B-PP
When B-ADVP
's B-VP
she B-NP
back B-ADVP
again B-ADVP
? O

I B-NP
have B-VP
a B-NP
test I-NP
tomorrow B-NP
, O
im B-NP
going I-VP
to B-PP
say B-VP
" O
the B-NP
shore I-NP
was B-VP
on B-PP
, O
and O
preparation I-NP
took B-VP
all B-NP
day I-NP
". O

Volleyball B-NP
player I-NP
Stephanie I-NP
Rogers I-VP
and O
cross B-VP
country I-NP
runner I-NP
Matt I-NP
Brooker B-VP
named B-VP
Cedarville B-SBAR
SUBWAY I-VP
Athetes I-NP
of B-PP
the B-NP
Week I-NP
( O
9/26-10/2) B-NP
. O

@lauraluanabeth O
'll B-VP
be I-VP
back B-ADVP
in B-PP
LA B-NP
tomorrow B-NP
night I-NP
! O
yaaaay B-NP
! O

the B-NP
tears I-NP
may B-VP
have B-VP
been I-VP
and O
gone B-VP
, O
but O
the B-NP
feeling B-VP
still B-ADVP
stay B-VP
the B-NP
same B-NP
. O

@magicsteacher O
Anytime B-ADJP
penguin I-NP
, O
you B-NP
know B-VP
we B-NP
aquarians I-NP
are B-VP
the B-NP
best I-NP
read B-VP
http://www.astrology.com/aquarius-sun-sign-zodiac-signs/2-d-d-66917 O

RT O
@high_n_fly O
: O
#FACT O
when B-ADVP
you B-NP
are B-VP
comfortable B-VP
with B-PP
yourself B-NP
nothing B-NP
else B-SBAR
matters I-NP
nobody B-NP
can B-VP
tell B-VP
you B-NP
about B-PP
yourself B-NP
#HnF O

i B-NP
want B-VP
a B-NP
bath I-NP
but O
do B-VP
n't I-VP
have B-VP
a B-NP
bath I-NP
, O
shut I-NP
up B-PRT
, O
sam B-NP
's B-VP
coming B-VP
tomorrow B-NP
and O
steve B-NP
and O
tanya B-NP
will B-VP
be I-VP
round B-PP
at B-PP
10am O
so B-ADJP
go I-VP
away B-ADVP
you B-NP
mean I-VP
people B-NP

RT O
@TheOutlawz O
: O
EVERYBODY B-NP
WHO B-NP
WANT B-VP
A B-NP
FOLLOW I-VP
FROM B-PP
ME B-NP
FOR B-PP
FOLLOW I-VP
FRIDAY I-NP
LET B-VP
ME B-NP
KNOW B-VP
!! O
WE B-NP
AINT B-VP
LIKE B-PP
THESE B-NP
HOLLYWOOD I-INTJ
AZZ B-INTJ
RAPPERS B-NP
WE B-NP
FOLLOW I-VP
BACK B-ADVP
! O

I B-NP
'm B-VP
stressed I-NP
at B-PP
9am B-INTJ
, O
shopping I-NP
on B-PP
my B-NP
lunch B-NP
break I-NP
..... O
i B-NP
ca B-VP
n't I-VP
deal I-VP
w/ B-PP
this B-NP
shit I-NP
today B-NP
. O
#retailtherapy O

'll B-VP
be I-VP
wearing B-VP
my B-NP
Dr B-NP
. O
J B-NP
#6 I-NP
jersey B-NP
. O
Old B-NP
school B-NP
. O
RT O
@laurenreale O
" O
hmmm B-NP
... O
im B-NP
gonna I-VP
wear I-VP
my B-NP
@Sixers O
jersey B-NP
tonight B-NP
...... O
http://tl.gd/72egjj O

belles B-NP
mansion I-NP
4 B-PP
bday B-NP
dinner I-NP
. O
eventhough I-NP
its B-NP
a B-NP
day I-NP
early B-SBAR
. O
*N*I*K*K*I* B-VP

gonna I-VP
watch B-VP
500 B-NP
days I-NP
of B-PP
summer I-NP
, O
and O
call B-VP
it B-NP
a B-NP
night I-NP
:\ B-INTJ

DAVID I-VP
MARIL I-NP
: O
Cut I-VP
some B-NP
TV I-NP
channels I-NP
and O
let B-VP
me B-NP
buy I-VP
what B-NP
I B-NP
watch B-VP
: O
My B-NP
question I-NP
is B-VP
why B-ADVP
, O
when B-ADVP
we B-NP
purchase B-NP
cable B-NP
and O
sa I-NP
... O
http://bit.ly/fW3ByU O

RT O
@Kandi O
: O
the B-NP
cast O
of B-PP
Glee B-VP
doing B-VP
" O
Bills I-NP
, O
Bills I-NP
, O
Bills I-NP
" O
last B-NP
night I-NP
. O
heres B-ADVP
the B-NP
clip B-VP
http://www.youtube.com/watch?v=X_kWC4_aOdI__AND__feature=p O
... O

